Info: Start Nativelink Simulation process
Info: NativeLink has detected VHDL design -- VHDL simulation models will be used

========= EDA Simulation Settings =====================

Sim Mode              :  RTL
Family                :  max3000a
Quartus root          :  c:/quartus/quartus/bin/
Quartus sim root      :  c:/quartus/quartus/eda/sim_lib
Simulation Tool       :  modelsim-altera
Simulation Language   :  vhdl
Version               :  93
Simulation Mode       :  GUI
Sim Output File       :  Barrel.vho
Sim SDF file          :  Barrel__vhdl.sdo
Sim dir               :  simulation\modelsim

=======================================================

Info: Starting NativeLink simulation with ModelSim-Altera software
Sourced NativeLink script c:/quartus/quartus/common/tcl/internal/nativelink/modelsim.tcl
Warning: File Barrel_run_msim_rtl_vhdl.do already exists - backing up current file as Barrel_run_msim_rtl_vhdl.do.bak
Info: Spawning ModelSim-Altera Simulation software 
